Nov 27 06:27:53 debian-armhf init: Id "T0" respawning too fast: disabled for 5 minutes
Nov 27 06:34:35 debian-armhf init: Id "T0" respawning too fast: disabled for 5 minutes
Nov 27 06:41:16 debian-armhf init: Id "T0" respawning too fast: disabled for 5 minutes
Nov 27 06:47:57 debian-armhf init: Id "T0" respawning too fast: disabled for 5 minutes
Nov 27 06:54:38 debian-armhf init: Id "T0" respawning too fast: disabled for 5 minutes
Nov 27 07:01:19 debian-armhf init: Id "T0" respawning too fast: disabled for 5 minutes
Nov 27 07:08:00 debian-armhf init: Id "T0" respawning too fast: disabled for 5 minutes
Nov 27 07:14:41 debian-armhf init: Id "T0" respawning too fast: disabled for 5 minutes
Nov 27 07:17:01 debian-armhf /USR/SBIN/CRON[26107]: (root) CMD (   cd / && run-parts --report /etc/cron.hourly)
Nov 27 07:21:23 debian-armhf init: Id "T0" respawning too fast: disabled for 5 minutes
Nov 27 07:28:04 debian-armhf init: Id "T0" respawning too fast: disabled for 5 minutes
Nov 27 07:34:45 debian-armhf init: Id "T0" respawning too fast: disabled for 5 minutes
Nov 27 07:41:26 debian-armhf init: Id "T0" respawning too fast: disabled for 5 minutes
Nov 27 07:48:07 debian-armhf init: Id "T0" respawning too fast: disabled for 5 minutes
Nov 27 07:54:48 debian-armhf init: Id "T0" respawning too fast: disabled for 5 minutes
Nov 27 08:01:29 debian-armhf init: Id "T0" respawning too fast: disabled for 5 minutes
Nov 27 08:08:11 debian-armhf init: Id "T0" respawning too fast: disabled for 5 minutes
Nov 27 08:14:52 debian-armhf init: Id "T0" respawning too fast: disabled for 5 minutes
Nov 27 08:17:01 debian-armhf /USR/SBIN/CRON[26200]: (root) CMD (   cd / && run-parts --report /etc/cron.hourly)
Nov 27 08:21:33 debian-armhf init: Id "T0" respawning too fast: disabled for 5 minutes
Nov 27 08:28:14 debian-armhf init: Id "T0" respawning too fast: disabled for 5 minutes
Nov 27 08:34:55 debian-armhf init: Id "T0" respawning too fast: disabled for 5 minutes
Nov 27 08:41:36 debian-armhf init: Id "T0" respawning too fast: disabled for 5 minutes
Nov 27 08:48:17 debian-armhf init: Id "T0" respawning too fast: disabled for 5 minutes
Nov 27 08:54:59 debian-armhf init: Id "T0" respawning too fast: disabled for 5 minutes
Nov 27 09:01:40 debian-armhf init: Id "T0" respawning too fast: disabled for 5 minutes
Nov 27 09:08:21 debian-armhf init: Id "T0" respawning too fast: disabled for 5 minutes
Nov 27 09:15:02 debian-armhf init: Id "T0" respawning too fast: disabled for 5 minutes
Nov 27 09:17:01 debian-armhf /USR/SBIN/CRON[26293]: (root) CMD (   cd / && run-parts --report /etc/cron.hourly)
Nov 27 09:21:43 debian-armhf init: Id "T0" respawning too fast: disabled for 5 minutes
Nov 27 09:28:24 debian-armhf init: Id "T0" respawning too fast: disabled for 5 minutes
Nov 27 09:35:05 debian-armhf init: Id "T0" respawning too fast: disabled for 5 minutes
Nov 27 09:41:47 debian-armhf init: Id "T0" respawning too fast: disabled for 5 minutes
Nov 27 09:48:28 debian-armhf init: Id "T0" respawning too fast: disabled for 5 minutes
Nov 27 09:55:09 debian-armhf init: Id "T0" respawning too fast: disabled for 5 minutes
Nov 27 10:01:50 debian-armhf init: Id "T0" respawning too fast: disabled for 5 minutes
Nov 27 10:08:31 debian-armhf init: Id "T0" respawning too fast: disabled for 5 minutes
Nov 27 10:15:12 debian-armhf init: Id "T0" respawning too fast: disabled for 5 minutes
Nov 27 10:17:01 debian-armhf /USR/SBIN/CRON[26386]: (root) CMD (   cd / && run-parts --report /etc/cron.hourly)
Nov 27 10:21:53 debian-armhf init: Id "T0" respawning too fast: disabled for 5 minutes
Nov 27 10:28:35 debian-armhf init: Id "T0" respawning too fast: disabled for 5 minutes
Nov 27 10:35:16 debian-armhf init: Id "T0" respawning too fast: disabled for 5 minutes
Nov 27 10:41:57 debian-armhf init: Id "T0" respawning too fast: disabled for 5 minutes
Nov 27 10:48:38 debian-armhf init: Id "T0" respawning too fast: disabled for 5 minutes
Nov 27 10:55:19 debian-armhf init: Id "T0" respawning too fast: disabled for 5 minutes
Nov 27 11:02:00 debian-armhf init: Id "T0" respawning too fast: disabled for 5 minutes
Nov 27 11:08:41 debian-armhf init: Id "T0" respawning too fast: disabled for 5 minutes
Nov 27 11:15:22 debian-armhf init: Id "T0" respawning too fast: disabled for 5 minutes
Nov 27 11:17:01 debian-armhf /USR/SBIN/CRON[26479]: (root) CMD (   cd / && run-parts --report /etc/cron.hourly)
Nov 27 11:22:03 debian-armhf init: Id "T0" respawning too fast: disabled for 5 minutes
Nov 27 11:28:44 debian-armhf init: Id "T0" respawning too fast: disabled for 5 minutes
Nov 27 11:35:25 debian-armhf init: Id "T0" respawning too fast: disabled for 5 minutes
Nov 27 11:42:06 debian-armhf init: Id "T0" respawning too fast: disabled for 5 minutes
Nov 27 11:48:47 debian-armhf init: Id "T0" respawning too fast: disabled for 5 minutes
Nov 27 11:55:28 debian-armhf init: Id "T0" respawning too fast: disabled for 5 minutes
Nov 27 12:02:09 debian-armhf init: Id "T0" respawning too fast: disabled for 5 minutes
Nov 27 12:08:50 debian-armhf init: Id "T0" respawning too fast: disabled for 5 minutes
Nov 27 12:15:31 debian-armhf init: Id "T0" respawning too fast: disabled for 5 minutes
Nov 27 12:17:01 debian-armhf /USR/SBIN/CRON[26572]: (root) CMD (   cd / && run-parts --report /etc/cron.hourly)
Nov 27 12:22:12 debian-armhf init: Id "T0" respawning too fast: disabled for 5 minutes
Nov 27 12:28:53 debian-armhf init: Id "T0" respawning too fast: disabled for 5 minutes
Nov 27 12:35:34 debian-armhf init: Id "T0" respawning too fast: disabled for 5 minutes
Nov 27 12:42:15 debian-armhf init: Id "T0" respawning too fast: disabled for 5 minutes
Nov 27 12:48:56 debian-armhf init: Id "T0" respawning too fast: disabled for 5 minutes
Nov 27 12:55:37 debian-armhf init: Id "T0" respawning too fast: disabled for 5 minutes
Nov 27 13:02:18 debian-armhf init: Id "T0" respawning too fast: disabled for 5 minutes
Nov 27 13:08:59 debian-armhf init: Id "T0" respawning too fast: disabled for 5 minutes
Nov 27 13:15:40 debian-armhf init: Id "T0" respawning too fast: disabled for 5 minutes
Nov 27 13:17:01 debian-armhf /USR/SBIN/CRON[26665]: (root) CMD (   cd / && run-parts --report /etc/cron.hourly)
Nov 27 13:22:21 debian-armhf init: Id "T0" respawning too fast: disabled for 5 minutes
Nov 27 13:29:02 debian-armhf init: Id "T0" respawning too fast: disabled for 5 minutes
Nov 27 13:35:43 debian-armhf init: Id "T0" respawning too fast: disabled for 5 minutes
Nov 27 13:42:24 debian-armhf init: Id "T0" respawning too fast: disabled for 5 minutes
Nov 27 13:49:05 debian-armhf init: Id "T0" respawning too fast: disabled for 5 minutes
Nov 27 13:55:46 debian-armhf init: Id "T0" respawning too fast: disabled for 5 minutes
Nov 27 14:02:27 debian-armhf init: Id "T0" respawning too fast: disabled for 5 minutes
Nov 27 14:09:08 debian-armhf init: Id "T0" respawning too fast: disabled for 5 minutes
Nov 27 14:15:49 debian-armhf init: Id "T0" respawning too fast: disabled for 5 minutes
Nov 27 14:17:01 debian-armhf /USR/SBIN/CRON[26758]: (root) CMD (   cd / && run-parts --report /etc/cron.hourly)
Nov 27 14:22:30 debian-armhf init: Id "T0" respawning too fast: disabled for 5 minutes
Nov 27 14:29:11 debian-armhf init: Id "T0" respawning too fast: disabled for 5 minutes
Nov 27 14:35:52 debian-armhf init: Id "T0" respawning too fast: disabled for 5 minutes
Nov 27 14:42:33 debian-armhf init: Id "T0" respawning too fast: disabled for 5 minutes
Nov 27 14:49:14 debian-armhf init: Id "T0" respawning too fast: disabled for 5 minutes
Nov 27 14:55:55 debian-armhf init: Id "T0" respawning too fast: disabled for 5 minutes
Nov 27 15:02:36 debian-armhf init: Id "T0" respawning too fast: disabled for 5 minutes
Nov 27 15:09:17 debian-armhf init: Id "T0" respawning too fast: disabled for 5 minutes
Nov 27 15:15:58 debian-armhf init: Id "T0" respawning too fast: disabled for 5 minutes
Nov 27 15:17:01 debian-armhf /USR/SBIN/CRON[26851]: (root) CMD (   cd / && run-parts --report /etc/cron.hourly)
Nov 27 15:22:39 debian-armhf init: Id "T0" respawning too fast: disabled for 5 minutes
Nov 27 15:29:20 debian-armhf init: Id "T0" respawning too fast: disabled for 5 minutes
Nov 27 15:36:01 debian-armhf init: Id "T0" respawning too fast: disabled for 5 minutes
Nov 27 15:42:42 debian-armhf init: Id "T0" respawning too fast: disabled for 5 minutes
Nov 27 15:49:23 debian-armhf init: Id "T0" respawning too fast: disabled for 5 minutes
Nov 27 15:56:04 debian-armhf init: Id "T0" respawning too fast: disabled for 5 minutes
Nov 27 16:02:45 debian-armhf init: Id "T0" respawning too fast: disabled for 5 minutes
Nov 27 16:09:27 debian-armhf init: Id "T0" respawning too fast: disabled for 5 minutes
Nov 27 16:16:08 debian-armhf init: Id "T0" respawning too fast: disabled for 5 minutes
Nov 27 16:17:01 debian-armhf /USR/SBIN/CRON[26944]: (root) CMD (   cd / && run-parts --report /etc/cron.hourly)
Nov 27 16:22:49 debian-armhf init: Id "T0" respawning too fast: disabled for 5 minutes
Nov 27 16:29:30 debian-armhf init: Id "T0" respawning too fast: disabled for 5 minutes
Nov 27 16:36:11 debian-armhf init: Id "T0" respawning too fast: disabled for 5 minutes
Nov 27 16:42:52 debian-armhf init: Id "T0" respawning too fast: disabled for 5 minutes
Nov 27 16:49:33 debian-armhf init: Id "T0" respawning too fast: disabled for 5 minutes
Nov 27 16:56:15 debian-armhf init: Id "T0" respawning too fast: disabled for 5 minutes
Nov 27 17:02:56 debian-armhf init: Id "T0" respawning too fast: disabled for 5 minutes
Nov 27 17:09:37 debian-armhf init: Id "T0" respawning too fast: disabled for 5 minutes
Nov 27 17:16:18 debian-armhf init: Id "T0" respawning too fast: disabled for 5 minutes
Nov 27 17:17:01 debian-armhf /USR/SBIN/CRON[27037]: (root) CMD (   cd / && run-parts --report /etc/cron.hourly)
Nov 27 17:22:59 debian-armhf init: Id "T0" respawning too fast: disabled for 5 minutes
Nov 27 17:29:40 debian-armhf init: Id "T0" respawning too fast: disabled for 5 minutes
Nov 27 17:36:21 debian-armhf init: Id "T0" respawning too fast: disabled for 5 minutes
Nov 27 17:43:03 debian-armhf init: Id "T0" respawning too fast: disabled for 5 minutes
Nov 27 17:49:44 debian-armhf init: Id "T0" respawning too fast: disabled for 5 minutes
Nov 27 17:56:25 debian-armhf init: Id "T0" respawning too fast: disabled for 5 minutes
Nov 27 18:03:06 debian-armhf init: Id "T0" respawning too fast: disabled for 5 minutes
Nov 27 18:09:47 debian-armhf init: Id "T0" respawning too fast: disabled for 5 minutes
Nov 27 18:16:28 debian-armhf init: Id "T0" respawning too fast: disabled for 5 minutes
Nov 27 18:17:01 debian-armhf /USR/SBIN/CRON[27130]: (root) CMD (   cd / && run-parts --report /etc/cron.hourly)
Nov 27 18:23:09 debian-armhf init: Id "T0" respawning too fast: disabled for 5 minutes
Nov 27 18:29:51 debian-armhf init: Id "T0" respawning too fast: disabled for 5 minutes
Nov 27 18:36:32 debian-armhf init: Id "T0" respawning too fast: disabled for 5 minutes
Nov 27 18:43:13 debian-armhf init: Id "T0" respawning too fast: disabled for 5 minutes
Nov 27 18:49:54 debian-armhf init: Id "T0" respawning too fast: disabled for 5 minutes
Nov 27 18:56:35 debian-armhf init: Id "T0" respawning too fast: disabled for 5 minutes
Nov 27 19:03:16 debian-armhf init: Id "T0" respawning too fast: disabled for 5 minutes
Nov 27 19:09:57 debian-armhf init: Id "T0" respawning too fast: disabled for 5 minutes
Nov 27 19:16:39 debian-armhf init: Id "T0" respawning too fast: disabled for 5 minutes
Nov 27 19:17:01 debian-armhf /USR/SBIN/CRON[27223]: (root) CMD (   cd / && run-parts --report /etc/cron.hourly)
Nov 27 19:23:20 debian-armhf init: Id "T0" respawning too fast: disabled for 5 minutes
Nov 27 19:30:01 debian-armhf init: Id "T0" respawning too fast: disabled for 5 minutes
Nov 27 19:36:42 debian-armhf init: Id "T0" respawning too fast: disabled for 5 minutes
Nov 27 19:43:23 debian-armhf init: Id "T0" respawning too fast: disabled for 5 minutes
Nov 27 19:50:04 debian-armhf init: Id "T0" respawning too fast: disabled for 5 minutes
Nov 27 19:56:45 debian-armhf init: Id "T0" respawning too fast: disabled for 5 minutes
Nov 27 20:03:27 debian-armhf init: Id "T0" respawning too fast: disabled for 5 minutes
Nov 27 20:10:08 debian-armhf init: Id "T0" respawning too fast: disabled for 5 minutes
Nov 27 20:16:49 debian-armhf init: Id "T0" respawning too fast: disabled for 5 minutes
Nov 27 20:17:01 debian-armhf /USR/SBIN/CRON[27316]: (root) CMD (   cd / && run-parts --report /etc/cron.hourly)
Nov 27 20:23:30 debian-armhf init: Id "T0" respawning too fast: disabled for 5 minutes
Nov 27 20:30:11 debian-armhf init: Id "T0" respawning too fast: disabled for 5 minutes
Nov 27 20:36:52 debian-armhf init: Id "T0" respawning too fast: disabled for 5 minutes
Nov 27 20:43:33 debian-armhf init: Id "T0" respawning too fast: disabled for 5 minutes
Nov 27 20:50:15 debian-armhf init: Id "T0" respawning too fast: disabled for 5 minutes
Nov 27 20:56:56 debian-armhf init: Id "T0" respawning too fast: disabled for 5 minutes
Nov 27 21:03:37 debian-armhf init: Id "T0" respawning too fast: disabled for 5 minutes
Nov 27 21:10:18 debian-armhf init: Id "T0" respawning too fast: disabled for 5 minutes
Nov 27 21:16:59 debian-armhf init: Id "T0" respawning too fast: disabled for 5 minutes
Nov 27 21:17:01 debian-armhf /USR/SBIN/CRON[27409]: (root) CMD (   cd / && run-parts --report /etc/cron.hourly)
Nov 27 21:23:40 debian-armhf init: Id "T0" respawning too fast: disabled for 5 minutes
Nov 27 21:30:21 debian-armhf init: Id "T0" respawning too fast: disabled for 5 minutes
Nov 27 21:37:03 debian-armhf init: Id "T0" respawning too fast: disabled for 5 minutes
Nov 27 21:43:44 debian-armhf init: Id "T0" respawning too fast: disabled for 5 minutes
Nov 27 21:50:25 debian-armhf init: Id "T0" respawning too fast: disabled for 5 minutes
Nov 27 21:57:06 debian-armhf init: Id "T0" respawning too fast: disabled for 5 minutes
Nov 27 22:03:47 debian-armhf init: Id "T0" respawning too fast: disabled for 5 minutes
Nov 27 22:10:28 debian-armhf init: Id "T0" respawning too fast: disabled for 5 minutes
Nov 27 22:17:01 debian-armhf /USR/SBIN/CRON[27502]: (root) CMD (   cd / && run-parts --report /etc/cron.hourly)
Nov 27 22:17:09 debian-armhf init: Id "T0" respawning too fast: disabled for 5 minutes
Nov 27 22:23:50 debian-armhf init: Id "T0" respawning too fast: disabled for 5 minutes
Nov 27 22:30:31 debian-armhf init: Id "T0" respawning too fast: disabled for 5 minutes
Nov 27 22:37:12 debian-armhf init: Id "T0" respawning too fast: disabled for 5 minutes
Nov 27 22:43:53 debian-armhf init: Id "T0" respawning too fast: disabled for 5 minutes
Nov 27 22:50:34 debian-armhf init: Id "T0" respawning too fast: disabled for 5 minutes
Nov 27 22:57:15 debian-armhf init: Id "T0" respawning too fast: disabled for 5 minutes
Nov 27 23:03:56 debian-armhf init: Id "T0" respawning too fast: disabled for 5 minutes
Nov 27 23:10:37 debian-armhf init: Id "T0" respawning too fast: disabled for 5 minutes
Nov 27 23:17:01 debian-armhf /USR/SBIN/CRON[27594]: (root) CMD (   cd / && run-parts --report /etc/cron.hourly)
Nov 27 23:17:18 debian-armhf init: Id "T0" respawning too fast: disabled for 5 minutes
Nov 27 23:23:59 debian-armhf init: Id "T0" respawning too fast: disabled for 5 minutes
Nov 27 23:30:40 debian-armhf init: Id "T0" respawning too fast: disabled for 5 minutes
Nov 27 23:37:21 debian-armhf init: Id "T0" respawning too fast: disabled for 5 minutes
Nov 27 23:44:02 debian-armhf init: Id "T0" respawning too fast: disabled for 5 minutes
Nov 27 23:50:43 debian-armhf init: Id "T0" respawning too fast: disabled for 5 minutes
Nov 27 23:57:24 debian-armhf init: Id "T0" respawning too fast: disabled for 5 minutes
Nov 28 00:04:05 debian-armhf init: Id "T0" respawning too fast: disabled for 5 minutes
Nov 28 00:10:46 debian-armhf init: Id "T0" respawning too fast: disabled for 5 minutes
Nov 28 00:17:01 debian-armhf /USR/SBIN/CRON[27686]: (root) CMD (   cd / && run-parts --report /etc/cron.hourly)
Nov 28 00:17:27 debian-armhf init: Id "T0" respawning too fast: disabled for 5 minutes
Nov 28 00:24:08 debian-armhf init: Id "T0" respawning too fast: disabled for 5 minutes
Nov 28 00:30:49 debian-armhf init: Id "T0" respawning too fast: disabled for 5 minutes
Nov 28 00:37:30 debian-armhf init: Id "T0" respawning too fast: disabled for 5 minutes
Nov 28 00:44:11 debian-armhf init: Id "T0" respawning too fast: disabled for 5 minutes
Nov 28 00:50:52 debian-armhf init: Id "T0" respawning too fast: disabled for 5 minutes
Nov 28 00:57:33 debian-armhf init: Id "T0" respawning too fast: disabled for 5 minutes
Nov 28 01:04:14 debian-armhf init: Id "T0" respawning too fast: disabled for 5 minutes
Nov 28 01:10:55 debian-armhf init: Id "T0" respawning too fast: disabled for 5 minutes
Nov 28 01:17:01 debian-armhf /USR/SBIN/CRON[27778]: (root) CMD (   cd / && run-parts --report /etc/cron.hourly)
Nov 28 01:17:36 debian-armhf init: Id "T0" respawning too fast: disabled for 5 minutes
Nov 28 01:24:17 debian-armhf init: Id "T0" respawning too fast: disabled for 5 minutes
Nov 28 01:30:58 debian-armhf init: Id "T0" respawning too fast: disabled for 5 minutes
Nov 28 01:37:39 debian-armhf init: Id "T0" respawning too fast: disabled for 5 minutes
Nov 28 01:44:20 debian-armhf init: Id "T0" respawning too fast: disabled for 5 minutes
Nov 28 01:51:01 debian-armhf init: Id "T0" respawning too fast: disabled for 5 minutes
Nov 28 01:57:42 debian-armhf init: Id "T0" respawning too fast: disabled for 5 minutes
Nov 28 02:04:23 debian-armhf init: Id "T0" respawning too fast: disabled for 5 minutes
Nov 28 02:11:04 debian-armhf init: Id "T0" respawning too fast: disabled for 5 minutes
Nov 28 02:17:01 debian-armhf /USR/SBIN/CRON[27870]: (root) CMD (   cd / && run-parts --report /etc/cron.hourly)
Nov 28 02:17:45 debian-armhf init: Id "T0" respawning too fast: disabled for 5 minutes
Nov 28 02:24:26 debian-armhf init: Id "T0" respawning too fast: disabled for 5 minutes
Nov 28 02:31:08 debian-armhf init: Id "T0" respawning too fast: disabled for 5 minutes
Nov 28 02:37:49 debian-armhf init: Id "T0" respawning too fast: disabled for 5 minutes
Nov 28 02:44:30 debian-armhf init: Id "T0" respawning too fast: disabled for 5 minutes
Nov 28 02:51:11 debian-armhf init: Id "T0" respawning too fast: disabled for 5 minutes
Nov 28 02:57:52 debian-armhf init: Id "T0" respawning too fast: disabled for 5 minutes
Nov 28 03:04:33 debian-armhf init: Id "T0" respawning too fast: disabled for 5 minutes
Nov 28 03:11:14 debian-armhf init: Id "T0" respawning too fast: disabled for 5 minutes
Nov 28 03:17:02 debian-armhf /USR/SBIN/CRON[27962]: (root) CMD (   cd / && run-parts --report /etc/cron.hourly)
Nov 28 03:17:56 debian-armhf init: Id "T0" respawning too fast: disabled for 5 minutes
Nov 28 03:24:37 debian-armhf init: Id "T0" respawning too fast: disabled for 5 minutes
Nov 28 03:31:18 debian-armhf init: Id "T0" respawning too fast: disabled for 5 minutes
Nov 28 03:37:59 debian-armhf init: Id "T0" respawning too fast: disabled for 5 minutes
Nov 28 03:44:40 debian-armhf init: Id "T0" respawning too fast: disabled for 5 minutes
Nov 28 03:51:21 debian-armhf init: Id "T0" respawning too fast: disabled for 5 minutes
Nov 28 03:58:02 debian-armhf init: Id "T0" respawning too fast: disabled for 5 minutes
Nov 28 04:04:44 debian-armhf init: Id "T0" respawning too fast: disabled for 5 minutes
Nov 28 04:11:25 debian-armhf init: Id "T0" respawning too fast: disabled for 5 minutes
Nov 28 04:17:01 debian-armhf /USR/SBIN/CRON[28054]: (root) CMD (   cd / && run-parts --report /etc/cron.hourly)
Nov 28 04:18:06 debian-armhf init: Id "T0" respawning too fast: disabled for 5 minutes
Nov 28 04:24:47 debian-armhf init: Id "T0" respawning too fast: disabled for 5 minutes
Nov 28 04:31:28 debian-armhf init: Id "T0" respawning too fast: disabled for 5 minutes
Nov 28 04:38:09 debian-armhf init: Id "T0" respawning too fast: disabled for 5 minutes
Nov 28 04:44:50 debian-armhf init: Id "T0" respawning too fast: disabled for 5 minutes
Nov 28 04:51:32 debian-armhf init: Id "T0" respawning too fast: disabled for 5 minutes
Nov 28 04:58:13 debian-armhf init: Id "T0" respawning too fast: disabled for 5 minutes
Nov 28 05:04:54 debian-armhf init: Id "T0" respawning too fast: disabled for 5 minutes
Nov 28 05:11:35 debian-armhf init: Id "T0" respawning too fast: disabled for 5 minutes
Nov 28 05:17:01 debian-armhf /USR/SBIN/CRON[28146]: (root) CMD (   cd / && run-parts --report /etc/cron.hourly)
Nov 28 05:18:16 debian-armhf init: Id "T0" respawning too fast: disabled for 5 minutes
Nov 28 05:24:57 debian-armhf init: Id "T0" respawning too fast: disabled for 5 minutes
Nov 28 05:31:38 debian-armhf init: Id "T0" respawning too fast: disabled for 5 minutes
Nov 28 05:38:20 debian-armhf init: Id "T0" respawning too fast: disabled for 5 minutes
Nov 28 05:40:01 debian-armhf shutdown[28187]: shutting down for system halt
Nov 28 05:40:01 debian-armhf init: Switching to runlevel: 0
Jan  1 00:00:12 debian-armhf kernel: imklog 5.8.11, log source = /proc/kmsg started.
Jan  1 00:00:12 debian-armhf rsyslogd: [origin software="rsyslogd" swVersion="5.8.11" x-pid="2162" x-info="http://www.rsyslog.com"] start
Jan  1 00:00:12 debian-armhf kernel: Booting Linux on physical CPU 0x0
Jan  1 00:00:12 debian-armhf kernel: Linux version 4.6.0-xilinx-dirty (mashimo@ubuntu) (gcc version 5.2.1 20151005 (Linaro GCC 5.2-2015.11-2) ) #1 SMP PREEMPT Mon Jul 3 08:59:49 PDT 2017
Jan  1 00:00:12 debian-armhf kernel: CPU: ARMv7 Processor [413fc090] revision 0 (ARMv7), cr=18c5387d
Jan  1 00:00:12 debian-armhf kernel: CPU: PIPT / VIPT nonaliasing data cache, VIPT aliasing instruction cache
Jan  1 00:00:12 debian-armhf kernel: Machine model: Zynq Zed Development Board
Jan  1 00:00:12 debian-armhf kernel: cma: Reserved 16 MiB at 0x0f000000
Jan  1 00:00:12 debian-armhf kernel: Memory policy: Data cache writealloc
Jan  1 00:00:12 debian-armhf kernel: On node 0 totalpages: 65536
Jan  1 00:00:12 debian-armhf kernel: free_area_init_node: node 0, pgdat c0938d80, node_mem_map cedf0000
Jan  1 00:00:12 debian-armhf kernel:  Normal zone: 512 pages used for memmap
Jan  1 00:00:12 debian-armhf kernel:  Normal zone: 0 pages reserved
Jan  1 00:00:12 debian-armhf kernel:  Normal zone: 65536 pages, LIFO batch:15
Jan  1 00:00:12 debian-armhf kernel: percpu: Embedded 12 pages/cpu @cedcf000 s19776 r8192 d21184 u49152
Jan  1 00:00:12 debian-armhf kernel: pcpu-alloc: s19776 r8192 d21184 u49152 alloc=12*4096
Jan  1 00:00:12 debian-armhf kernel: pcpu-alloc: [0] 0 [0] 1 
Jan  1 00:00:12 debian-armhf kernel: Built 1 zonelists in Zone order, mobility grouping on.  Total pages: 65024
Jan  1 00:00:12 debian-armhf kernel: Kernel command line: mem=256M root=/dev/mmcblk0p2 rw earlyprintk rootfstype=ext4 rootwait devtmpfs.mount=1 uio_pdrv_genirq.of_id=generic-uio
Jan  1 00:00:12 debian-armhf kernel: PID hash table entries: 1024 (order: 0, 4096 bytes)
Jan  1 00:00:12 debian-armhf kernel: Dentry cache hash table entries: 32768 (order: 5, 131072 bytes)
Jan  1 00:00:12 debian-armhf kernel: Inode-cache hash table entries: 16384 (order: 4, 65536 bytes)
Jan  1 00:00:12 debian-armhf kernel: Memory: 234632K/262144K available (5286K kernel code, 230K rwdata, 1848K rodata, 1024K init, 222K bss, 11128K reserved, 16384K cma-reserved, 0K highmem)
Jan  1 00:00:12 debian-armhf kernel: Virtual kernel memory layout:
Jan  1 00:00:12 debian-armhf kernel:    vector  : 0xffff0000 - 0xffff1000   (   4 kB)
Jan  1 00:00:12 debian-armhf kernel:    fixmap  : 0xffc00000 - 0xfff00000   (3072 kB)
Jan  1 00:00:12 debian-armhf kernel:    vmalloc : 0xd0800000 - 0xff800000   ( 752 MB)
Jan  1 00:00:12 debian-armhf kernel:    lowmem  : 0xc0000000 - 0xd0000000   ( 256 MB)
Jan  1 00:00:12 debian-armhf kernel:    pkmap   : 0xbfe00000 - 0xc0000000   (   2 MB)
Jan  1 00:00:12 debian-armhf kernel:    modules : 0xbf000000 - 0xbfe00000   (  14 MB)
Jan  1 00:00:12 debian-armhf kernel:      .text : 0xc0008000 - 0xc07f78f8   (8127 kB)
Jan  1 00:00:12 debian-armhf kernel:      .init : 0xc0800000 - 0xc0900000   (1024 kB)
Jan  1 00:00:12 debian-armhf kernel:      .data : 0xc0900000 - 0xc0939ae0   ( 231 kB)
Jan  1 00:00:12 debian-armhf kernel:       .bss : 0xc0939ae0 - 0xc0971464   ( 223 kB)
Jan  1 00:00:12 debian-armhf kernel: Preemptible hierarchical RCU implementation.
Jan  1 00:00:12 debian-armhf kernel: 	Build-time adjustment of leaf fanout to 32.
Jan  1 00:00:12 debian-armhf kernel: 	RCU restricting CPUs from NR_CPUS=4 to nr_cpu_ids=2.
Jan  1 00:00:12 debian-armhf kernel: RCU: Adjusting geometry for rcu_fanout_leaf=32, nr_cpu_ids=2
Jan  1 00:00:12 debian-armhf kernel: NR_IRQS:16 nr_irqs:16 16
Jan  1 00:00:12 debian-armhf kernel: efuse mapped to d0800000
Jan  1 00:00:12 debian-armhf kernel: slcr mapped to d0802000
Jan  1 00:00:12 debian-armhf kernel: L2C: platform modifies aux control register: 0x72360000 -> 0x72760000
Jan  1 00:00:12 debian-armhf kernel: L2C: DT/platform modifies aux control register: 0x72360000 -> 0x72760000
Jan  1 00:00:12 debian-armhf kernel: L2C-310 erratum 769419 enabled
Jan  1 00:00:12 debian-armhf kernel: L2C-310 enabling early BRESP for Cortex-A9
Jan  1 00:00:12 debian-armhf kernel: L2C-310 full line of zeros enabled for Cortex-A9
Jan  1 00:00:12 debian-armhf kernel: L2C-310 ID prefetch enabled, offset 1 lines
Jan  1 00:00:12 debian-armhf kernel: L2C-310 dynamic clock gating enabled, standby mode enabled
Jan  1 00:00:12 debian-armhf kernel: L2C-310 cache controller enabled, 8 ways, 512 kB
Jan  1 00:00:12 debian-armhf kernel: L2C-310: CACHE_ID 0x410000c8, AUX_CTRL 0x76760001
Jan  1 00:00:12 debian-armhf kernel: zynq_clock_init: clkc starts at d0802100
Jan  1 00:00:12 debian-armhf kernel: Zynq clock init
Jan  1 00:00:12 debian-armhf kernel: sched_clock: 64 bits at 333MHz, resolution 3ns, wraps every 4398046511103ns
Jan  1 00:00:12 debian-armhf kernel: clocksource: arm_global_timer: mask: 0xffffffffffffffff max_cycles: 0x4ce07af025, max_idle_ns: 440795209040 ns
Jan  1 00:00:12 debian-armhf kernel: Switching to timer-based delay loop, resolution 3ns
Jan  1 00:00:12 debian-armhf kernel: clocksource: ttc_clocksource: mask: 0xffff max_cycles: 0xffff, max_idle_ns: 537538477 ns
Jan  1 00:00:12 debian-armhf kernel: timer #0 at d080a000, irq=17
Jan  1 00:00:12 debian-armhf kernel: Console: colour dummy device 80x30
Jan  1 00:00:12 debian-armhf kernel: console [tty0] enabled
Jan  1 00:00:12 debian-armhf kernel: Calibrating delay loop (skipped), value calculated using timer frequency.. 666.66 BogoMIPS (lpj=3333333)
Jan  1 00:00:12 debian-armhf kernel: pid_max: default: 32768 minimum: 301
Jan  1 00:00:12 debian-armhf kernel: Mount-cache hash table entries: 1024 (order: 0, 4096 bytes)
Jan  1 00:00:12 debian-armhf kernel: Mountpoint-cache hash table entries: 1024 (order: 0, 4096 bytes)
Jan  1 00:00:12 debian-armhf kernel: CPU: Testing write buffer coherency: ok
Jan  1 00:00:12 debian-armhf kernel: CPU0: thread -1, cpu 0, socket 0, mpidr 80000000
Jan  1 00:00:12 debian-armhf kernel: Setting up static identity map for 0x100000 - 0x100058
Jan  1 00:00:12 debian-armhf kernel: CPU1: thread -1, cpu 1, socket 0, mpidr 80000001
Jan  1 00:00:12 debian-armhf kernel: Brought up 2 CPUs
Jan  1 00:00:12 debian-armhf kernel: SMP: Total of 2 processors activated (1333.33 BogoMIPS).
Jan  1 00:00:12 debian-armhf kernel: CPU: All CPU(s) started in SVC mode.
Jan  1 00:00:12 debian-armhf kernel: devtmpfs: initialized
Jan  1 00:00:12 debian-armhf kernel: VFP support v0.3: implementor 41 architecture 3 part 30 variant 9 rev 4
Jan  1 00:00:12 debian-armhf kernel: clocksource: jiffies: mask: 0xffffffff max_cycles: 0xffffffff, max_idle_ns: 19112604462750000 ns
Jan  1 00:00:12 debian-armhf kernel: pinctrl core: initialized pinctrl subsystem
Jan  1 00:00:12 debian-armhf kernel: NET: Registered protocol family 16
Jan  1 00:00:12 debian-armhf kernel: DMA: preallocated 256 KiB pool for atomic coherent allocations
Jan  1 00:00:12 debian-armhf kernel: cpuidle: using governor menu
Jan  1 00:00:12 debian-armhf kernel: hw-breakpoint: found 5 (+1 reserved) breakpoint and 1 watchpoint registers.
Jan  1 00:00:12 debian-armhf kernel: hw-breakpoint: maximum watchpoint size is 4 bytes.
Jan  1 00:00:12 debian-armhf kernel: zynq-ocm f800c000.ocmc: ZYNQ OCM pool: 256 KiB @ 0xd0880000
Jan  1 00:00:12 debian-armhf kernel: zynq-pinctrl 700.pinctrl: zynq pinctrl initialized
Jan  1 00:00:12 debian-armhf kernel: vgaarb: loaded
Jan  1 00:00:12 debian-armhf kernel: SCSI subsystem initialized
Jan  1 00:00:12 debian-armhf kernel: usbcore: registered new interface driver usbfs
Jan  1 00:00:12 debian-armhf kernel: usbcore: registered new interface driver hub
Jan  1 00:00:12 debian-armhf kernel: usbcore: registered new device driver usb
Jan  1 00:00:12 debian-armhf kernel: media: Linux media interface: v0.10
Jan  1 00:00:12 debian-armhf kernel: Linux video capture interface: v2.00
Jan  1 00:00:12 debian-armhf kernel: pps_core: LinuxPPS API ver. 1 registered
Jan  1 00:00:12 debian-armhf kernel: pps_core: Software ver. 5.3.6 - Copyright 2005-2007 Rodolfo Giometti <giometti@linux.it>
Jan  1 00:00:12 debian-armhf kernel: PTP clock support registered
Jan  1 00:00:12 debian-armhf kernel: EDAC MC: Ver: 3.0.0
Jan  1 00:00:12 debian-armhf kernel: Advanced Linux Sound Architecture Driver Initialized.
Jan  1 00:00:12 debian-armhf kernel: clocksource: Switched to clocksource arm_global_timer
Jan  1 00:00:12 debian-armhf kernel: NET: Registered protocol family 2
Jan  1 00:00:12 debian-armhf kernel: TCP established hash table entries: 2048 (order: 1, 8192 bytes)
Jan  1 00:00:12 debian-armhf kernel: TCP bind hash table entries: 2048 (order: 2, 16384 bytes)
Jan  1 00:00:12 debian-armhf kernel: TCP: Hash tables configured (established 2048 bind 2048)
Jan  1 00:00:12 debian-armhf kernel: UDP hash table entries: 256 (order: 1, 8192 bytes)
Jan  1 00:00:12 debian-armhf kernel: UDP-Lite hash table entries: 256 (order: 1, 8192 bytes)
Jan  1 00:00:12 debian-armhf kernel: NET: Registered protocol family 1
Jan  1 00:00:12 debian-armhf kernel: RPC: Registered named UNIX socket transport module.
Jan  1 00:00:12 debian-armhf kernel: RPC: Registered udp transport module.
Jan  1 00:00:12 debian-armhf kernel: RPC: Registered tcp transport module.
Jan  1 00:00:12 debian-armhf kernel: RPC: Registered tcp NFSv4.1 backchannel transport module.
Jan  1 00:00:12 debian-armhf kernel: PCI: CLS 0 bytes, default 64
Jan  1 00:00:12 debian-armhf kernel: hw perfevents: enabled with armv7_cortex_a9 PMU driver, 7 counters available
Jan  1 00:00:12 debian-armhf kernel: futex hash table entries: 512 (order: 3, 32768 bytes)
Jan  1 00:00:12 debian-armhf kernel: workingset: timestamp_bits=28 max_order=16 bucket_order=0
Jan  1 00:00:12 debian-armhf kernel: jffs2: version 2.2. (NAND) (SUMMARY)  Â© 2001-2006 Red Hat, Inc.
Jan  1 00:00:12 debian-armhf kernel: io scheduler noop registered
Jan  1 00:00:12 debian-armhf kernel: io scheduler deadline registered
Jan  1 00:00:12 debian-armhf kernel: io scheduler cfq registered (default)
Jan  1 00:00:12 debian-armhf kernel: dma-pl330 f8003000.dmac: Loaded driver for PL330 DMAC-241330
Jan  1 00:00:12 debian-armhf kernel: dma-pl330 f8003000.dmac: 	DBUFF-128x8bytes Num_Chans-8 Num_Peri-4 Num_Events-16
Jan  1 00:00:12 debian-armhf kernel: e0001000.serial: ttyPS0 at MMIO 0xe0001000 (irq = 143, base_baud = 3125000) is a xuartps
Jan  1 00:00:12 debian-armhf kernel: console [ttyPS0] enabled
Jan  1 00:00:12 debian-armhf kernel: xdevcfg f8007000.devcfg: ioremap 0xf8007000 to d086e000
Jan  1 00:00:12 debian-armhf kernel: [drm] Initialized drm 1.1.0 20060810
Jan  1 00:00:12 debian-armhf kernel: brd: module loaded
Jan  1 00:00:12 debian-armhf kernel: loop: module loaded
Jan  1 00:00:12 debian-armhf kernel: m25p80 spi0.0: found s25fl256s1, expected n25q128a11
Jan  1 00:00:12 debian-armhf kernel: m25p80 spi0.0: s25fl256s1 (32768 Kbytes)
Jan  1 00:00:12 debian-armhf kernel: 5 ofpart partitions found on MTD device spi0.0
Jan  1 00:00:12 debian-armhf kernel: Creating 5 MTD partitions on "spi0.0":
Jan  1 00:00:12 debian-armhf kernel: 0x000000000000-0x000000100000 : "qspi-fsbl-uboot"
Jan  1 00:00:12 debian-armhf kernel: 0x000000100000-0x000000600000 : "qspi-linux"
Jan  1 00:00:12 debian-armhf kernel: 0x000000600000-0x000000620000 : "qspi-device-tree"
Jan  1 00:00:12 debian-armhf kernel: 0x000000620000-0x000000c00000 : "qspi-rootfs"
Jan  1 00:00:12 debian-armhf kernel: 0x000000c00000-0x000001000000 : "qspi-bitstream"
Jan  1 00:00:12 debian-armhf kernel: CAN device driver interface
Jan  1 00:00:12 debian-armhf kernel: gpiod_set_value: invalid GPIO
Jan  1 00:00:12 debian-armhf kernel: libphy: MACB_mii_bus: probed
Jan  1 00:00:12 debian-armhf kernel: macb e000b000.ethernet eth0: Cadence GEM rev 0x00020118 at 0xe000b000 irq 145 (00:0a:35:00:01:22)
Jan  1 00:00:12 debian-armhf kernel: Marvell 88E1510 e000b000.etherne:00: attached PHY driver [Marvell 88E1510] (mii_bus:phy_addr=e000b000.etherne:00, irq=-1)
Jan  1 00:00:12 debian-armhf kernel: e1000e: Intel(R) PRO/1000 Network Driver - 3.2.6-k
Jan  1 00:00:12 debian-armhf kernel: e1000e: Copyright(c) 1999 - 2015 Intel Corporation.
Jan  1 00:00:12 debian-armhf kernel: ehci_hcd: USB 2.0 'Enhanced' Host Controller (EHCI) Driver
Jan  1 00:00:12 debian-armhf kernel: ehci-pci: EHCI PCI platform driver
Jan  1 00:00:12 debian-armhf kernel: usbcore: registered new interface driver usb-storage
Jan  1 00:00:12 debian-armhf kernel: e0002000.usb supply vbus not found, using dummy regulator
Jan  1 00:00:12 debian-armhf kernel: ULPI transceiver vendor/product ID 0x0451/0x1507
Jan  1 00:00:12 debian-armhf kernel: Found TI TUSB1210 ULPI transceiver.
Jan  1 00:00:12 debian-armhf kernel: ULPI integrity check: passed.
Jan  1 00:00:12 debian-armhf kernel: ci_hdrc ci_hdrc.0: EHCI Host Controller
Jan  1 00:00:12 debian-armhf kernel: ci_hdrc ci_hdrc.0: new USB bus registered, assigned bus number 1
Jan  1 00:00:12 debian-armhf kernel: ci_hdrc ci_hdrc.0: USB 2.0 started, EHCI 1.00
Jan  1 00:00:12 debian-armhf kernel: hub 1-0:1.0: USB hub found
Jan  1 00:00:12 debian-armhf kernel: hub 1-0:1.0: 1 port detected
Jan  1 00:00:12 debian-armhf kernel: mousedev: PS/2 mouse device common for all mice
Jan  1 00:00:12 debian-armhf kernel: i2c /dev entries driver
Jan  1 00:00:12 debian-armhf kernel: EDAC MC: ECC not enabled
Jan  1 00:00:12 debian-armhf kernel: Xilinx Zynq CpuIdle Driver started
Jan  1 00:00:12 debian-armhf kernel: sdhci: Secure Digital Host Controller Interface driver
Jan  1 00:00:12 debian-armhf kernel: sdhci: Copyright(c) Pierre Ossman
Jan  1 00:00:12 debian-armhf kernel: sdhci-pltfm: SDHCI platform and OF driver helper
Jan  1 00:00:12 debian-armhf kernel: mmc0: SDHCI controller on e0100000.sdhci [e0100000.sdhci] using DMA
Jan  1 00:00:12 debian-armhf kernel: ledtrig-cpu: registered to indicate activity on CPUs
Jan  1 00:00:12 debian-armhf kernel: usbcore: registered new interface driver usbhid
Jan  1 00:00:12 debian-armhf kernel: usbhid: USB HID core driver
Jan  1 00:00:12 debian-armhf kernel: NET: Registered protocol family 10
Jan  1 00:00:12 debian-armhf kernel: sit: IPv6 over IPv4 tunneling driver
Jan  1 00:00:12 debian-armhf kernel: NET: Registered protocol family 17
Jan  1 00:00:12 debian-armhf kernel: can: controller area network core (rev 20120528 abi 9)
Jan  1 00:00:12 debian-armhf kernel: NET: Registered protocol family 29
Jan  1 00:00:12 debian-armhf kernel: can: raw protocol (rev 20120528)
Jan  1 00:00:12 debian-armhf kernel: can: broadcast manager protocol (rev 20120528 t)
Jan  1 00:00:12 debian-armhf kernel: can: netlink gateway (rev 20130117) max_hops=1
Jan  1 00:00:12 debian-armhf kernel: Registering SWP/SWPB emulation handler
Jan  1 00:00:12 debian-armhf kernel: hctosys: unable to open rtc device (rtc0)
Jan  1 00:00:12 debian-armhf kernel: ALSA device list:
Jan  1 00:00:12 debian-armhf kernel:  No soundcards found.
Jan  1 00:00:12 debian-armhf kernel: Waiting for root device /dev/mmcblk0p2...
Jan  1 00:00:12 debian-armhf kernel: mmc0: new high speed SDHC card at address 59b4
Jan  1 00:00:12 debian-armhf kernel: mmcblk0: mmc0:59b4 NCard 14.7 GiB 
Jan  1 00:00:12 debian-armhf kernel: mmcblk0: p1 p2
Jan  1 00:00:12 debian-armhf kernel: EXT4-fs (mmcblk0p2): mounted filesystem with ordered data mode. Opts: (null)
Jan  1 00:00:12 debian-armhf kernel: VFS: Mounted root (ext4 filesystem) on device 179:2.
Jan  1 00:00:12 debian-armhf kernel: devtmpfs: mounted
Jan  1 00:00:12 debian-armhf kernel: Freeing unused kernel memory: 1024K (c0800000 - c0900000)
Jan  1 00:00:12 debian-armhf kernel: usb 1-1: new high-speed USB device number 2 using ci_hdrc
Jan  1 00:00:12 debian-armhf kernel: hub 1-1:1.0: USB hub found
Jan  1 00:00:12 debian-armhf kernel: hub 1-1:1.0: 4 ports detected
Jan  1 00:00:12 debian-armhf kernel: EXT4-fs (mmcblk0p2): re-mounted. Opts: (null)
Jan  1 00:00:12 debian-armhf kernel: random: dd urandom read with 35 bits of entropy available
Jan  1 00:00:12 debian-armhf kernel: IPv6: ADDRCONF(NETDEV_UP): eth0: link is not ready
Jan  1 00:00:12 debian-armhf kernel: macb e000b000.ethernet eth0: link up (1000/Full)
Jan  1 00:00:12 debian-armhf kernel: IPv6: ADDRCONF(NETDEV_CHANGE): eth0: link becomes ready
Jan  1 00:00:12 debian-armhf /usr/sbin/cron[2213]: (CRON) INFO (pidfile fd = 3)
Jan  1 00:00:12 debian-armhf /usr/sbin/cron[2214]: (CRON) STARTUP (fork ok)
Jan  1 00:00:12 debian-armhf /usr/sbin/cron[2214]: (CRON) INFO (Running @reboot jobs)
Jan  1 00:00:19 debian-armhf ntpdate[2051]: 172.104.105.31 rate limit response from server.
Nov 28 05:41:11 debian-armhf ntpdate[2051]: step time server 49.212.186.27 offset 1511847650.011133 sec
Nov 28 05:41:13 debian-armhf ntpdate[2032]: step-systime: Invalid argument
Nov 28 05:42:37 debian-armhf kernel: random: nonblocking pool is initialized
Nov 28 05:42:52 debian-armhf init: Id "T0" respawning too fast: disabled for 5 minutes
Nov 28 05:45:35 debian-armhf shutdown[2339]: shutting down for system halt
Nov 28 05:45:35 debian-armhf init: Switching to runlevel: 0
